  Determining projects to restore...
  All projects are up-to-date for restore.
  Domain -> C:\Users\ACER\Downloads\MLNDex\MLNDex-BE\Domain\bin\Debug\net8.0\Domain.dll
  Application -> C:\Users\ACER\Downloads\MLNDex\MLNDex-BE\Application\bin\Debug\net8.0\Application.dll
  Infrastructure -> C:\Users\ACER\Downloads\MLNDex\MLNDex-BE\Infrastructure\bin\Debug\net8.0\Infrastructure.dll
C:\Users\ACER\Downloads\MLNDex\MLNDex-BE\mlndex-backend\Controllers\Creator\ChapterPagesController.cs(2,7): warning CS0105: The using directive for 'Application.DTOs.Chapter' appeared previously in this namespace [C:\Users\ACER\Downloads\MLNDex\MLNDex-BE\mlndex-backend\mlndex-backend.csproj]
C:\Users\ACER\Downloads\MLNDex\MLNDex-BE\mlndex-backend\Controllers\Creator\ChapterPagesController.cs(5,7): warning CS0105: The using directive for 'Microsoft.AspNetCore.Mvc' appeared previously in this namespace [C:\Users\ACER\Downloads\MLNDex\MLNDex-BE\mlndex-backend\mlndex-backend.csproj]
C:\Users\ACER\Downloads\MLNDex\MLNDex-BE\mlndex-backend\Program.cs(2,7): warning CS0105: The using directive for 'Application.Interfaces.AIModeration' appeared previously in this namespace [C:\Users\ACER\Downloads\MLNDex\MLNDex-BE\mlndex-backend\mlndex-backend.csproj]
C:\Users\ACER\Downloads\MLNDex\MLNDex-BE\mlndex-backend\Program.cs(12,7): warning CS0105: The using directive for 'Application.Interfaces.Data' appeared previously in this namespace [C:\Users\ACER\Downloads\MLNDex\MLNDex-BE\mlndex-backend\mlndex-backend.csproj]
C:\Users\ACER\Downloads\MLNDex\MLNDex-BE\mlndex-backend\Program.cs(13,7): warning CS0105: The using directive for 'Application.Interfaces.Moderation' appeared previously in this namespace [C:\Users\ACER\Downloads\MLNDex\MLNDex-BE\mlndex-backend\mlndex-backend.csproj]
C:\Users\ACER\Downloads\MLNDex\MLNDex-BE\mlndex-backend\Program.cs(20,7): warning CS0105: The using directive for 'Infrastructure.Persistence.Data' appeared previously in this namespace [C:\Users\ACER\Downloads\MLNDex\MLNDex-BE\mlndex-backend\mlndex-backend.csproj]
C:\Users\ACER\Downloads\MLNDex\MLNDex-BE\mlndex-backend\Controllers\AIModeration\AiModerationController.cs(27,30): warning CS8625: Cannot convert null literal to non-nullable reference type. [C:\Users\ACER\Downloads\MLNDex\MLNDex-BE\mlndex-backend\mlndex-backend.csproj]
C:\Users\ACER\Downloads\MLNDex\MLNDex-BE\mlndex-backend\Controllers\AIModeration\AiModerationController.cs(46,30): warning CS8625: Cannot convert null literal to non-nullable reference type. [C:\Users\ACER\Downloads\MLNDex\MLNDex-BE\mlndex-backend\mlndex-backend.csproj]
  mlndex-backend -> C:\Users\ACER\Downloads\MLNDex\MLNDex-BE\mlndex-backend\bin\Debug\net8.0\mlndex-backend.dll

Build succeeded.

C:\Users\ACER\Downloads\MLNDex\MLNDex-BE\mlndex-backend\Controllers\Creator\ChapterPagesController.cs(2,7): warning CS0105: The using directive for 'Application.DTOs.Chapter' appeared previously in this namespace [C:\Users\ACER\Downloads\MLNDex\MLNDex-BE\mlndex-backend\mlndex-backend.csproj]
C:\Users\ACER\Downloads\MLNDex\MLNDex-BE\mlndex-backend\Controllers\Creator\ChapterPagesController.cs(5,7): warning CS0105: The using directive for 'Microsoft.AspNetCore.Mvc' appeared previously in this namespace [C:\Users\ACER\Downloads\MLNDex\MLNDex-BE\mlndex-backend\mlndex-backend.csproj]
C:\Users\ACER\Downloads\MLNDex\MLNDex-BE\mlndex-backend\Program.cs(2,7): warning CS0105: The using directive for 'Application.Interfaces.AIModeration' appeared previously in this namespace [C:\Users\ACER\Downloads\MLNDex\MLNDex-BE\mlndex-backend\mlndex-backend.csproj]
C:\Users\ACER\Downloads\MLNDex\MLNDex-BE\mlndex-backend\Program.cs(12,7): warning CS0105: The using directive for 'Application.Interfaces.Data' appeared previously in this namespace [C:\Users\ACER\Downloads\MLNDex\MLNDex-BE\mlndex-backend\mlndex-backend.csproj]
C:\Users\ACER\Downloads\MLNDex\MLNDex-BE\mlndex-backend\Program.cs(13,7): warning CS0105: The using directive for 'Application.Interfaces.Moderation' appeared previously in this namespace [C:\Users\ACER\Downloads\MLNDex\MLNDex-BE\mlndex-backend\mlndex-backend.csproj]
C:\Users\ACER\Downloads\MLNDex\MLNDex-BE\mlndex-backend\Program.cs(20,7): warning CS0105: The using directive for 'Infrastructure.Persistence.Data' appeared previously in this namespace [C:\Users\ACER\Downloads\MLNDex\MLNDex-BE\mlndex-backend\mlndex-backend.csproj]
C:\Users\ACER\Downloads\MLNDex\MLNDex-BE\mlndex-backend\Controllers\AIModeration\AiModerationController.cs(27,30): warning CS8625: Cannot convert null literal to non-nullable reference type. [C:\Users\ACER\Downloads\MLNDex\MLNDex-BE\mlndex-backend\mlndex-backend.csproj]
C:\Users\ACER\Downloads\MLNDex\MLNDex-BE\mlndex-backend\Controllers\AIModeration\AiModerationController.cs(46,30): warning CS8625: Cannot convert null literal to non-nullable reference type. [C:\Users\ACER\Downloads\MLNDex\MLNDex-BE\mlndex-backend\mlndex-backend.csproj]
    8 Warning(s)
    0 Error(s)

Time Elapsed 00:00:03.31
