  Determining projects to restore...
  All projects are up-to-date for restore.
  Domain -> C:\Users\ACER\Downloads\MLNDex\MLNDex-BE\Domain\bin\Debug\net8.0\Domain.dll
C:\Users\ACER\Downloads\MLNDex\MLNDex-BE\Application\Services\Translation\PageTranslationService.cs(117,145): error CS1503: Argument 3: cannot convert from 'System.Exception' to 'int' [C:\Users\ACER\Downloads\MLNDex\MLNDex-BE\Application\Application.csproj]
C:\Users\ACER\Downloads\MLNDex\MLNDex-BE\Application\Services\Creator\SeriesService.cs(922,81): error CS1503: Argument 3: cannot convert from 'System.Exception' to 'int' [C:\Users\ACER\Downloads\MLNDex\MLNDex-BE\Application\Application.csproj]

Build FAILED.

C:\Users\ACER\Downloads\MLNDex\MLNDex-BE\Application\Services\Translation\PageTranslationService.cs(117,145): error CS1503: Argument 3: cannot convert from 'System.Exception' to 'int' [C:\Users\ACER\Downloads\MLNDex\MLNDex-BE\Application\Application.csproj]
C:\Users\ACER\Downloads\MLNDex\MLNDex-BE\Application\Services\Creator\SeriesService.cs(922,81): error CS1503: Argument 3: cannot convert from 'System.Exception' to 'int' [C:\Users\ACER\Downloads\MLNDex\MLNDex-BE\Application\Application.csproj]
    0 Warning(s)
    2 Error(s)

Time Elapsed 00:00:04.97
