Failed Application.Tests.Services.Translation.TranslationTeamServiceTests.InviteMemberAsync_ShouldCreateInvitation_AndSendNotification [161 ms]
Failed Application.Tests.Services.Translation.TranslationTeamServiceTests.InviteMemberAsync_ShouldThrow_WhenUserAlreadyMember [26 ms]
Failed Application.Tests.Services.Translation.TranslationTeamServiceTests.RemoveMemberAsync_ShouldReturnFalse_WhenMemberAlreadyInactive [22 ms]
Failed Application.Tests.Services.Translation.TranslationTeamServiceTests.GetTeamByIdAsync_ShouldIncludeMembers_WhenTeamHasMembers [20 ms]
Failed Application.Tests.Services.Translation.TranslationTeamServiceTests.RemoveMemberAsync_ShouldThrow_WhenCallerIsNotLeader [26 ms]
Failed Application.Tests.Services.Translation.TranslationTeamServiceTests.RemoveMemberAsync_ShouldSucceed_WhenRemovingEditorRole [30 ms]
Failed Application.Tests.Services.Translation.TranslationTeamServiceTests.CreateTeamAsync_ShouldLinkGenres_WhenGenreIdsProvided [13 ms]
Failed Application.Tests.Services.Translation.TranslationTeamServiceTests.AssignRoleAsync_ShouldUpdateRole_AndSendNotification [29 ms]
Failed Application.Tests.Services.Translation.TranslationTeamServiceTests.ApproveJoinRequestAsync_ShouldAddRequesterAsMember_WhenLeaderApproves [167 ms]
Failed Application.Tests.Services.Translation.TranslationTeamServiceTests.RemoveMemberAsync_ShouldRemoveMember_AndSendNotification [14 ms]
Failed Application.Tests.Services.Translation.TranslationTeamServiceTests.LeaveTeamAsync_ShouldMarkMemberInactive_AndNotifyRemainingMembers [20 ms]
Failed Application.Tests.Services.Translation.TranslationTeamServiceTests.DisbandTeamAsync_ShouldDeleteTeamAndMembers_WhenCallerIsLeader [13 ms]
